2.  (27.07.2012) По списку:
    2.1 (done) Реализовать возможность просмотра всех сообщений в очереди, а не только самых последних (/queue/list/[queue_name]
    2.2 (!) Реализовать тесты для проверки работы очереди со стороны клиента (см. как сделаны тесты в Bootstrap)
    2.3 (done) Реализовать просмотр содержимого очереди и добавления нового сообщения через Defaceit.Queue.list, Defacet.Queue.push
    
    2.4 (03.08.2012) Реализовать функцию listen для очереди
    

3. (30.07.2012) Сделать возможность публикации общих сообщений на Babywonder
    3.1 (done) Сделать загрузку из очереди
    

4. (03.08.2012) Доработать baloons для смещения окна в соответствии со скролом



*. (__.__.2012) Создать шаблон страницы standard

*. (__.__.2012) Реализовать возможность загрузки сообщений из очереди (ключ - очередь, сообщения в очереди - контент)

*. (__.__.2012) Необходимо реализовать загрузку JS defaceit.ru/app/js/app_name - которая возвращает код с загрузкой JS + дочек для домена с которого они грузятся

 - Логика работы очереди сообщений:
	1. За раз можно обработатьтолько одно сообщение - get
	2. Очередь может быть persistent и тогда сообщения из нее не удаляются и temporary и тогда в ней сообщения живут не дольше TTL
	3. Очередь может быть локальной (в JS) или удаленной. Синхронизация между очередьми осуществляется в одностроннем порядке
	4. Каждая очередь обслуживается через листнера, который получет за раз по одному сообщению
	5. С позиции оптимизации допускается захват пачки сообщений из удаленной очереди, но в листнер они передаются поочередно.

	6. У каждой очереди есть параметрые.
	6.1. У локальной очереди:
		а) частота обновления;
		б) набор листнеров;
	6.2. У удаленной очереди:
		а) время жизни сообщения;
		б) способ блокировки сообщений (в рамках сессий, в рамках времени жизни)
	7. при подключении к очереди запрашивается максимальный id (queue/status) 
	   при запросе сообщений указывается id последнего обработанного сообщения (/queue/XXX/queue_name/YYY), если нужно получить всю очередь указывает 0
	8. В очередь сообщений можно сохранить только URL encoded сообщения, клиенту сообщения так же возвращаются в закодированном виде
	   декодирование и валидация сообщения выполняется на клиенте


 - Реализовать Стандартный шаблон страницы
    Идеи:
	* есть класс загрузчик, который состоит из методов load, render
	* есть множественная загрузка по одному ключу
	* разделение данных и представления делается через css

 - Реализовать страницу с расчетом веса ребенка
    Идеи:
	* реализуется с помощью модального окна с темным оверлеем

 - Сделать интерфейс для управления очередью
