2.  (27.07.2012) По списку:
    2.1 (done) Реализовать возможность просмотра всех сообщений в очереди, а не только самых последних (/queue/list/[queue_name]
    2.2 (!) Реализовать тесты для проверки работы очереди со стороны клиента (см. как сделаны тесты в Bootstrap)
    2.3 (done) Реализовать просмотр содержимого очереди и добавления нового сообщения через Defaceit.Queue.list, Defacet.Queue.push
    
    2.4 (03.08.2012) Реализовать функцию listen для очереди
    

3. (30.07.2012) Сделать возможность публикации общих сообщений на Babywonder
    3.1 (done) Сделать загрузку из очереди
    

4. (03.08.2012) Доработать baloons для смещения окна в соответствии со скролом



*. (__.__.2012) Создать шаблон страницы standard

*. (__.__.2012) Реализовать возможность загрузки сообщений из очереди (ключ - очередь, сообщения в очереди - контент)

*. (__.__.2012) Необходимо реализовать загрузку JS defaceit.ru/app/js/app_name - которая возвращает код с загрузкой JS + дочек для домена с которого они грузятся


 - Реализовать Стандартный шаблон страницы
    Идеи:
	* есть класс загрузчик, который состоит из методов load, render
	* есть множественная загрузка по одному ключу
	* разделение данных и представления делается через css

 - Реализовать страницу с расчетом веса ребенка
    Идеи:
	* реализуется с помощью модального окна с темным оверлеем

 - Сделать интерфейс для управления очередью
